---
source: crates/neo-tui/tests/render.rs
expression: frame
---
Stark  ○ NO MIC YET  v dictates   chat  /project · /evals · /model · /login · /help
Ask Starkbot to do something in an app or on the web.
Type a message and press Enter · / opens commands















                    ┌ Conversations ───────────────────────────────────────────────────────────────┐
                    │▸ launch week                             2026-09-19 08:14 UTC  open          │
                    │  ad spend review                         2026-09-18 17:02 UTC                │
                    │  untitled · 00000000-0000-7000-9000-0000000000032026-09-18 09:41 UTC         │
                    └ j k moves · Enter opens · Ctrl-N new · /rename retitles · Esc closes ────────┘












                                                                                                                  ▼ live
╭──────────────────────────────────────────────────────────────────────────────────────────────────────────────────────╮
│ > Enter sends · Alt-Enter or Ctrl-J newline · Esc leaves insert                                                      │
╰──────────────────────────────────────────────────────────────────────────────────────────────────────────────────────╯
INSERT │ /fixtures/neo/neo.db v3 │ OpenAI API key · openai/gpt-5.6-sol │ keys missing: anthropic │ account none
--- styles ---
fg=Cyan bg=Reset mod=BOLD  chat
fg=Cyan bg=Reset mod=NONE  >
fg=Cyan bg=Reset mod=NONE  │
fg=Cyan bg=Reset mod=NONE  │▸
fg=Cyan bg=Reset mod=NONE  ┌ Conversations ───────────────────────────────────────────────────────────────┐
fg=Cyan bg=Reset mod=NONE  └ j k moves · Enter opens · Ctrl-N new · /rename retitles · Esc closes ────────┘
fg=Cyan bg=Reset mod=NONE  ╭──────────────────────────────────────────────────────────────────────────────────────────────────────────────────────╮
fg=Cyan bg=Reset mod=NONE  ╰──────────────────────────────────────────────────────────────────────────────────────────────────────────────────────╯
fg=DarkGray bg=Reset mod=NONE  /project · /evals · /model · /login · /help
fg=DarkGray bg=Reset mod=NONE  2026-09-18 09:41 UTC
fg=DarkGray bg=Reset mod=NONE  2026-09-18 17:02 UTC
fg=DarkGray bg=Reset mod=NONE  2026-09-19 08:14 UTC
fg=DarkGray bg=Reset mod=NONE  Ask Starkbot to do something in an app or on the web.
fg=DarkGray bg=Reset mod=NONE  Enter sends · Alt-Enter or Ctrl-J newline · Esc leaves insert
fg=DarkGray bg=Reset mod=NONE  Type a message and press Enter · / opens commands
fg=DarkGray bg=Reset mod=NONE  ▼ live
fg=DarkGray bg=Reset mod=NONE  ○ NO MIC YET  v dictates
fg=Green bg=Reset mod=NONE  open
fg=Reset bg=Reset mod=BOLD  Stark
fg=Reset bg=Reset mod=BOLD  launch week
fg=Yellow bg=Reset mod=NONE  INSERT │ /fixtures/neo/neo.db v3 │ OpenAI API key · openai/gpt-5.6-sol │ keys missing: anthropic │ account none
