---
source: crates/neo-tui/tests/render.rs
expression: frame
---
Ask Starkbot to do something in an app or on the web.
Type a message and press Enter · / opens commands






┌ Question ────────────────────────────────────────────────┐
│Tell me what goes in “Invoice number” and I'll carry on.  │
│                                                          │
│[i] type your answer                                      │
└ i types the answer · the card stays until it is answered ┘




                                                      ▼ live
> / opens commands · i starts typing
CARD │ ○ NO MIC YET │ /fixtures/neo/neo.db v3
--- styles ---
fg=Cyan bg=Reset mod=NONE  >
fg=Cyan bg=Reset mod=NONE  │
fg=Cyan bg=Reset mod=NONE  │[i]
fg=Cyan bg=Reset mod=NONE  ┌ Question ────────────────────────────────────────────────┐
fg=Cyan bg=Reset mod=NONE  └ i types the answer · the card stays until it is answered ┘
fg=DarkGray bg=Reset mod=NONE  / opens commands · i starts typing
fg=DarkGray bg=Reset mod=NONE  Ask Starkbot to do something in an app or on the web.
fg=DarkGray bg=Reset mod=NONE  Type a message and press Enter · / opens commands
fg=DarkGray bg=Reset mod=NONE  ▼ live
fg=White bg=Reset mod=BOLD  Tell me what goes in “Invoice number” and I'll carry on.
fg=Yellow bg=Reset mod=NONE  CARD │ ○ NO MIC YET │ /fixtures/neo/neo.db v3
