---
source: crates/neo-tui/tests/render.rs
expression: "common::render(&state, 120, 40)"
---
Stark  ○ NO MIC YET  v dictates   Esc/q chat  activity
┌ Activity (3) ────────────────────────────────────────────────────────────────────────────────────────────────────────┐
│notice    Info store.opened · store ready                                                                             │
│latency   step 41ms · jev 168ms                                                                                       │
│key       anthropic · invalid                                                                                         │
│                                                                                                                      │
│                                                                                                                      │
│                                                                                                                      │
│                                                                                                                      │
│                                                                                                                      │
│                                                                                                                      │
│                                                                                                                      │
│                                                                                                                      │
│                                                                                                                      │
│                                                                                                                      │
│                                                                                                                      │
│                                                                                                                      │
│                                                                                                                      │
│                                                                                                                      │
│                                                                                                                      │
│                                                                                                                      │
│                                                                                                                      │
│                                                                                                                      │
│                                                                                                                      │
│                                                                                                                      │
│                                                                                                                      │
│                                                                                                                      │
│                                                                                                                      │
│                                                                                                                      │
│                                                                                                                      │
│                                                                                                                      │
│                                                                                                                      │
│                                                                                                                      │
│                                                                                                                      │
│                                                                                                                      │
│                                                                                                                      │
│                                                                                                                      │
│                                                                                                                ▼ live│
└──────────────────────────────────────────────────────────────────────────────────────────────────────────────────────┘
NORMAL │ store ready │ /fixtures/neo/neo.db v3 │ OpenAI API key · openai/sol-latest │ keys invalid: anthropic
--- styles ---
fg=Blue bg=Reset mod=NONE  key
fg=Blue bg=Reset mod=NONE  latency
fg=Blue bg=Reset mod=NONE  notice
fg=Cyan bg=Reset mod=BOLD  activity
fg=DarkGray bg=Reset mod=NONE  │
fg=DarkGray bg=Reset mod=NONE  ┌ Activity (3) ────────────────────────────────────────────────────────────────────────────────────────────────────────┐
fg=DarkGray bg=Reset mod=NONE  └──────────────────────────────────────────────────────────────────────────────────────────────────────────────────────┘
fg=DarkGray bg=Reset mod=NONE  ▼ live│
fg=DarkGray bg=Reset mod=NONE  ○ NO MIC YET  v dictates   Esc/q chat
fg=Reset bg=Reset mod=BOLD  Stark
fg=Yellow bg=Reset mod=NONE  NORMAL │ store ready │ /fixtures/neo/neo.db v3 │ OpenAI API key · openai/sol-latest │ keys invalid: anthropic
