---
source: crates/neo-tui/tests/render.rs
expression: frame
---
1  Conversation    2  Runs (0/0 live)    3  Activity (1)
Ask Starkbot to do something in an app or on the web.
i or a starts typing · Enter sends · : runs a command





┌ Question ────────────────────────────────────────────────┐
│Tell me what goes in “Invoice number” and I'll carry on.  │
│                                                          │
│[i] type your answer                                      │
└ i types the answer · the card stays until it is answered ┘




                                                      ▼ live
> Enter sends · Alt-Enter or Ctrl-J newline · Esc leaves ins
CARD │ ○ NO MIC YET │ /fixtures/neo/neo.db v3
--- styles ---
fg=Cyan bg=Reset mod=BOLD  Conversation
fg=Cyan bg=Reset mod=NONE  >
fg=Cyan bg=Reset mod=NONE  │
fg=Cyan bg=Reset mod=NONE  │[i]
fg=Cyan bg=Reset mod=NONE  ┌ Question ────────────────────────────────────────────────┐
fg=Cyan bg=Reset mod=NONE  └ i types the answer · the card stays until it is answered ┘
fg=DarkGray bg=Reset mod=NONE  1
fg=DarkGray bg=Reset mod=NONE  2  Runs (0/0 live)    3  Activity (1)
fg=DarkGray bg=Reset mod=NONE  Ask Starkbot to do something in an app or on the web.
fg=DarkGray bg=Reset mod=NONE  Enter sends · Alt-Enter or Ctrl-J newline · Esc leaves ins
fg=DarkGray bg=Reset mod=NONE  i or a starts typing · Enter sends · : runs a command
fg=DarkGray bg=Reset mod=NONE  ▼ live
fg=White bg=Reset mod=BOLD  Tell me what goes in “Invoice number” and I'll carry on.
fg=Yellow bg=Reset mod=NONE  CARD │ ○ NO MIC YET │ /fixtures/neo/neo.db v3
